{"fitted": "Jena2020-42", "elapsed": 9.2}
{"evaluated": "Jena2020__42__mixed_2811"}
{"evaluated": "Jena2020__42__mixed_3811"}
{"evaluated": "Jena2020__42__outage_2811"}
{"fitted": "Jena2020-43", "elapsed": 19.8}
{"evaluated": "Jena2020__43__mixed_2811"}
{"evaluated": "Jena2020__43__mixed_3811"}
{"evaluated": "Jena2020__43__outage_2811"}
{"fitted": "Jena2020-44", "elapsed": 29.7}
{"evaluated": "Jena2020__44__mixed_2811"}
{"evaluated": "Jena2020__44__mixed_3811"}
{"evaluated": "Jena2020__44__outage_2811"}
{"fitted": "GasCO-42", "elapsed": 40.9}
{"evaluated": "GasCO__42__mixed_2811"}
{"evaluated": "GasCO__42__mixed_3811"}
{"evaluated": "GasCO__42__outage_2811"}
{"fitted": "GasCO-43", "elapsed": 52.0}
{"evaluated": "GasCO__43__mixed_2811"}
{"evaluated": "GasCO__43__mixed_3811"}
{"evaluated": "GasCO__43__outage_2811"}
{"fitted": "GasCO-44", "elapsed": 65.2}
{"evaluated": "GasCO__44__mixed_2811"}
{"evaluated": "GasCO__44__mixed_3811"}
{"evaluated": "GasCO__44__outage_2811"}
{"complete": "/workspace/scratch/63798185b39b/asofcast/.worktrees/research-diagnosis/artifacts/information-value/component-supplement", "arrays": 2196, "primary_gate": false}
