{"fitting": "ETTh1-42", "elapsed_seconds": 0.1}
{"evaluated": "ETTh1__42__mixed_2811", "elapsed_seconds": 24.1}
{"evaluated": "ETTh1__42__mixed_3811", "elapsed_seconds": 25.2}
{"evaluated": "ETTh1__42__outage_2811", "elapsed_seconds": 26.5}
{"fitting": "ETTh1-43", "elapsed_seconds": 26.6}
{"evaluated": "ETTh1__43__mixed_2811", "elapsed_seconds": 53.1}
{"evaluated": "ETTh1__43__mixed_3811", "elapsed_seconds": 54.3}
{"evaluated": "ETTh1__43__outage_2811", "elapsed_seconds": 55.6}
{"fitting": "ETTh1-44", "elapsed_seconds": 55.7}
{"evaluated": "ETTh1__44__mixed_2811", "elapsed_seconds": 77.9}
{"evaluated": "ETTh1__44__mixed_3811", "elapsed_seconds": 79.2}
{"evaluated": "ETTh1__44__outage_2811", "elapsed_seconds": 80.5}
{"fitting": "ETTh2-42", "elapsed_seconds": 80.5}
{"evaluated": "ETTh2__42__mixed_2811", "elapsed_seconds": 103.0}
{"evaluated": "ETTh2__42__mixed_3811", "elapsed_seconds": 104.3}
{"evaluated": "ETTh2__42__outage_2811", "elapsed_seconds": 105.6}
{"fitting": "ETTh2-43", "elapsed_seconds": 105.6}
{"evaluated": "ETTh2__43__mixed_2811", "elapsed_seconds": 130.7}
{"evaluated": "ETTh2__43__mixed_3811", "elapsed_seconds": 132.5}
{"evaluated": "ETTh2__43__outage_2811", "elapsed_seconds": 134.2}
{"fitting": "ETTh2-44", "elapsed_seconds": 134.2}
{"evaluated": "ETTh2__44__mixed_2811", "elapsed_seconds": 157.6}
{"evaluated": "ETTh2__44__mixed_3811", "elapsed_seconds": 158.9}
{"evaluated": "ETTh2__44__outage_2811", "elapsed_seconds": 160.3}
{"fitting": "Appliances-42", "elapsed_seconds": 160.6}
{"evaluated": "Appliances__42__mixed_2811", "elapsed_seconds": 167.4}
{"evaluated": "Appliances__42__mixed_3811", "elapsed_seconds": 167.8}
{"evaluated": "Appliances__42__outage_2811", "elapsed_seconds": 168.1}
{"fitting": "Appliances-43", "elapsed_seconds": 168.1}
{"evaluated": "Appliances__43__mixed_2811", "elapsed_seconds": 176.3}
{"evaluated": "Appliances__43__mixed_3811", "elapsed_seconds": 176.7}
{"evaluated": "Appliances__43__outage_2811", "elapsed_seconds": 177.2}
{"fitting": "Appliances-44", "elapsed_seconds": 177.2}
{"evaluated": "Appliances__44__mixed_2811", "elapsed_seconds": 183.8}
{"evaluated": "Appliances__44__mixed_3811", "elapsed_seconds": 184.1}
{"evaluated": "Appliances__44__outage_2811", "elapsed_seconds": 184.4}
{"fitting": "Tetouan-42", "elapsed_seconds": 184.8}
{"evaluated": "Tetouan__42__mixed_2811", "elapsed_seconds": 215.9}
{"evaluated": "Tetouan__42__mixed_3811", "elapsed_seconds": 216.7}
{"evaluated": "Tetouan__42__outage_2811", "elapsed_seconds": 217.7}
{"fitting": "Tetouan-43", "elapsed_seconds": 217.7}
{"evaluated": "Tetouan__43__mixed_2811", "elapsed_seconds": 242.8}
{"evaluated": "Tetouan__43__mixed_3811", "elapsed_seconds": 244.2}
{"evaluated": "Tetouan__43__outage_2811", "elapsed_seconds": 245.6}
{"fitting": "Tetouan-44", "elapsed_seconds": 245.7}
{"evaluated": "Tetouan__44__mixed_2811", "elapsed_seconds": 277.1}
{"evaluated": "Tetouan__44__mixed_3811", "elapsed_seconds": 278.0}
{"evaluated": "Tetouan__44__outage_2811", "elapsed_seconds": 278.9}
{"complete": "artifacts/research-diagnosis/run1", "promotion_gate": {"passed": false, "reasons": ["Appliances/mixed_2811/validation_simple: confidence interval does not establish improvement", "Appliances/mixed_2811/validation_simple: practical improvement below 1.0%", "Appliances/mixed_2811/validation_simple: not every seed improves", "Appliances/mixed_3811/validation_simple: confidence interval does not establish improvement", "Appliances/mixed_3811/validation_simple: practical improvement below 1.0%", "Appliances/mixed_3811/validation_simple: not every seed improves", "Appliances/outage_2811/validation_simple: confidence interval does not establish improvement", "Appliances/outage_2811/validation_simple: practical improvement below 1.0%", "Appliances/outage_2811/validation_simple: not every seed improves", "Tetouan/mixed_2811/validation_simple: confidence interval does not establish improvement", "Tetouan/mixed_2811/validation_simple: practical improvement below 1.0%", "Tetouan/mixed_2811/validation_simple: not every seed improves", "Tetouan/mixed_3811/validation_simple: confidence interval does not establish improvement", "Tetouan/mixed_3811/validation_simple: practical improvement below 1.0%", "Tetouan/mixed_3811/validation_simple: not every seed improves", "Tetouan/outage_2811/validation_simple: confidence interval does not establish improvement", "Tetouan/outage_2811/validation_simple: practical improvement below 1.0%", "Tetouan/outage_2811/validation_simple: not every seed improves", "Tetouan/outage_2811: MAE regression exceeds limit"], "scope": "all predeclared new-dataset conditions; not universal superiority"}}
