{"fitting": "ETTh1-42", "elapsed_seconds": 36.9}
{"evaluated": "ETTh1__42__mixed_2811", "elapsed_seconds": 68.7}
{"evaluated": "ETTh1__42__mixed_3811", "elapsed_seconds": 70.9}
{"evaluated": "ETTh1__42__outage_2811", "elapsed_seconds": 73.1}
{"fitting": "ETTh1-43", "elapsed_seconds": 107.4}
{"evaluated": "ETTh1__43__mixed_2811", "elapsed_seconds": 128.4}
{"evaluated": "ETTh1__43__mixed_3811", "elapsed_seconds": 129.9}
{"evaluated": "ETTh1__43__outage_2811", "elapsed_seconds": 131.3}
{"fitting": "ETTh1-44", "elapsed_seconds": 155.4}
{"evaluated": "ETTh1__44__mixed_2811", "elapsed_seconds": 176.1}
{"evaluated": "ETTh1__44__mixed_3811", "elapsed_seconds": 177.3}
{"evaluated": "ETTh1__44__outage_2811", "elapsed_seconds": 178.7}
{"fitting": "ETTh2-42", "elapsed_seconds": 199.2}
{"evaluated": "ETTh2__42__mixed_2811", "elapsed_seconds": 220.8}
{"evaluated": "ETTh2__42__mixed_3811", "elapsed_seconds": 223.2}
{"evaluated": "ETTh2__42__outage_2811", "elapsed_seconds": 226.3}
{"fitting": "ETTh2-43", "elapsed_seconds": 249.3}
{"evaluated": "ETTh2__43__mixed_2811", "elapsed_seconds": 273.5}
{"evaluated": "ETTh2__43__mixed_3811", "elapsed_seconds": 276.7}
{"evaluated": "ETTh2__43__outage_2811", "elapsed_seconds": 279.2}
{"fitting": "ETTh2-44", "elapsed_seconds": 302.3}
{"evaluated": "ETTh2__44__mixed_2811", "elapsed_seconds": 338.5}
{"evaluated": "ETTh2__44__mixed_3811", "elapsed_seconds": 340.4}
{"evaluated": "ETTh2__44__outage_2811", "elapsed_seconds": 342.4}
{"fitting": "Appliances-42", "elapsed_seconds": 347.0}
{"evaluated": "Appliances__42__mixed_2811", "elapsed_seconds": 355.1}
{"evaluated": "Appliances__42__mixed_3811", "elapsed_seconds": 355.5}
{"evaluated": "Appliances__42__outage_2811", "elapsed_seconds": 355.9}
{"fitting": "Appliances-43", "elapsed_seconds": 360.4}
{"evaluated": "Appliances__43__mixed_2811", "elapsed_seconds": 367.8}
{"evaluated": "Appliances__43__mixed_3811", "elapsed_seconds": 368.3}
{"evaluated": "Appliances__43__outage_2811", "elapsed_seconds": 368.8}
{"fitting": "Appliances-44", "elapsed_seconds": 373.8}
{"evaluated": "Appliances__44__mixed_2811", "elapsed_seconds": 381.9}
{"evaluated": "Appliances__44__mixed_3811", "elapsed_seconds": 382.3}
{"evaluated": "Appliances__44__outage_2811", "elapsed_seconds": 382.7}
{"fitting": "Tetouan-42", "elapsed_seconds": 397.2}
{"evaluated": "Tetouan__42__mixed_2811", "elapsed_seconds": 415.7}
{"evaluated": "Tetouan__42__mixed_3811", "elapsed_seconds": 416.5}
{"evaluated": "Tetouan__42__outage_2811", "elapsed_seconds": 417.7}
{"fitting": "Tetouan-43", "elapsed_seconds": 429.4}
{"evaluated": "Tetouan__43__mixed_2811", "elapsed_seconds": 448.6}
{"evaluated": "Tetouan__43__mixed_3811", "elapsed_seconds": 449.4}
{"evaluated": "Tetouan__43__outage_2811", "elapsed_seconds": 450.7}
{"fitting": "Tetouan-44", "elapsed_seconds": 469.3}
{"evaluated": "Tetouan__44__mixed_2811", "elapsed_seconds": 488.1}
{"evaluated": "Tetouan__44__mixed_3811", "elapsed_seconds": 488.9}
{"evaluated": "Tetouan__44__outage_2811", "elapsed_seconds": 489.8}
{"complete": "artifacts/research-diagnosis/run2", "promotion_gate": {"passed": false, "reasons": ["Appliances/mixed_2811/validation_simple: confidence interval does not establish improvement", "Appliances/mixed_2811/validation_simple: practical improvement below 1.0%", "Appliances/mixed_2811/validation_simple: not every seed improves", "Appliances/mixed_3811/validation_simple: confidence interval does not establish improvement", "Appliances/mixed_3811/validation_simple: practical improvement below 1.0%", "Appliances/mixed_3811/validation_simple: not every seed improves", "Appliances/outage_2811/validation_simple: confidence interval does not establish improvement", "Appliances/outage_2811/validation_simple: practical improvement below 1.0%", "Appliances/outage_2811/validation_simple: not every seed improves", "Tetouan/mixed_2811/validation_simple: confidence interval does not establish improvement", "Tetouan/mixed_2811/validation_simple: practical improvement below 1.0%", "Tetouan/mixed_2811/validation_simple: not every seed improves", "Tetouan/mixed_3811/validation_simple: confidence interval does not establish improvement", "Tetouan/mixed_3811/validation_simple: practical improvement below 1.0%", "Tetouan/mixed_3811/validation_simple: not every seed improves", "Tetouan/outage_2811/validation_simple: confidence interval does not establish improvement", "Tetouan/outage_2811/validation_simple: practical improvement below 1.0%", "Tetouan/outage_2811/validation_simple: not every seed improves", "Tetouan/outage_2811: MAE regression exceeds limit"], "scope": "all predeclared new-dataset conditions; not universal superiority"}}
